// Jest Snapshot v1, https://goo.gl/fbAQLP

exports[`Pruebas sobre <GifItem /> Debe hacer match con el snapshot 1`] = `
<div>
  <div
    class="card"
  >
    <img
      alt="dragon ball"
      src="https://dragon-ball.com/"
    />
    <p>
      dragon ball
    </p>
  </div>
</div>
`;
